// Jest Snapshot v1, https://goo.gl/fbAQLP

exports[`snapshot a date (external) 1`] = `"2000-01-01T00:00:00.000Z"`;
